Archive member included to satisfy reference by file (symbol)

c:/ac6/systemworkbench/plugins/fr.ac6.mcu.externaltools.arm-none.win32_1.17.0.201812190825/tools/compiler/bin/../lib/gcc/arm-none-eabi/7.3.1/../../../../arm-none-eabi/lib/thumb/v7e-m/fpv4-sp/hard\libc.a(lib_a-errno.o)
                              startup/sysmem.o (__errno)
c:/ac6/systemworkbench/plugins/fr.ac6.mcu.externaltools.arm-none.win32_1.17.0.201812190825/tools/compiler/bin/../lib/gcc/arm-none-eabi/7.3.1/../../../../arm-none-eabi/lib/thumb/v7e-m/fpv4-sp/hard\libc.a(lib_a-exit.o)
                              c:/ac6/systemworkbench/plugins/fr.ac6.mcu.externaltools.arm-none.win32_1.17.0.201812190825/tools/compiler/bin/../lib/gcc/arm-none-eabi/7.3.1/../../../../arm-none-eabi/lib/thumb/v7e-m/fpv4-sp/hard/crt0.o (exit)
c:/ac6/systemworkbench/plugins/fr.ac6.mcu.externaltools.arm-none.win32_1.17.0.201812190825/tools/compiler/bin/../lib/gcc/arm-none-eabi/7.3.1/../../../../arm-none-eabi/lib/thumb/v7e-m/fpv4-sp/hard\libc.a(lib_a-impure.o)
                              c:/ac6/systemworkbench/plugins/fr.ac6.mcu.externaltools.arm-none.win32_1.17.0.201812190825/tools/compiler/bin/../lib/gcc/arm-none-eabi/7.3.1/../../../../arm-none-eabi/lib/thumb/v7e-m/fpv4-sp/hard\libc.a(lib_a-exit.o) (_global_impure_ptr)
c:/ac6/systemworkbench/plugins/fr.ac6.mcu.externaltools.arm-none.win32_1.17.0.201812190825/tools/compiler/bin/../lib/gcc/arm-none-eabi/7.3.1/../../../../arm-none-eabi/lib/thumb/v7e-m/fpv4-sp/hard\libc.a(lib_a-init.o)
                              c:/ac6/systemworkbench/plugins/fr.ac6.mcu.externaltools.arm-none.win32_1.17.0.201812190825/tools/compiler/bin/../lib/gcc/arm-none-eabi/7.3.1/../../../../arm-none-eabi/lib/thumb/v7e-m/fpv4-sp/hard/crt0.o (__libc_init_array)
c:/ac6/systemworkbench/plugins/fr.ac6.mcu.externaltools.arm-none.win32_1.17.0.201812190825/tools/compiler/bin/../lib/gcc/arm-none-eabi/7.3.1/../../../../arm-none-eabi/lib/thumb/v7e-m/fpv4-sp/hard\libc.a(lib_a-memset.o)
                              c:/ac6/systemworkbench/plugins/fr.ac6.mcu.externaltools.arm-none.win32_1.17.0.201812190825/tools/compiler/bin/../lib/gcc/arm-none-eabi/7.3.1/../../../../arm-none-eabi/lib/thumb/v7e-m/fpv4-sp/hard/crt0.o (memset)
c:/ac6/systemworkbench/plugins/fr.ac6.mcu.externaltools.arm-none.win32_1.17.0.201812190825/tools/compiler/bin/../lib/gcc/arm-none-eabi/7.3.1/../../../../arm-none-eabi/lib/thumb/v7e-m/fpv4-sp/hard\libc.a(lib_a-strlen.o)
                              src/spi_tx.o (strlen)
c:/ac6/systemworkbench/plugins/fr.ac6.mcu.externaltools.arm-none.win32_1.17.0.201812190825/tools/compiler/bin/../lib/gcc/arm-none-eabi/7.3.1/../../../../arm-none-eabi/lib/thumb/v7e-m/fpv4-sp/hard\libc.a(lib_a-__call_atexit.o)
                              c:/ac6/systemworkbench/plugins/fr.ac6.mcu.externaltools.arm-none.win32_1.17.0.201812190825/tools/compiler/bin/../lib/gcc/arm-none-eabi/7.3.1/../../../../arm-none-eabi/lib/thumb/v7e-m/fpv4-sp/hard\libc.a(lib_a-exit.o) (__call_exitprocs)
c:/ac6/systemworkbench/plugins/fr.ac6.mcu.externaltools.arm-none.win32_1.17.0.201812190825/tools/compiler/bin/../lib/gcc/arm-none-eabi/7.3.1/../../../../arm-none-eabi/lib/thumb/v7e-m/fpv4-sp/hard\libc.a(lib_a-atexit.o)
                              c:/ac6/systemworkbench/plugins/fr.ac6.mcu.externaltools.arm-none.win32_1.17.0.201812190825/tools/compiler/bin/../lib/gcc/arm-none-eabi/7.3.1/../../../../arm-none-eabi/lib/thumb/v7e-m/fpv4-sp/hard\libc.a(lib_a-__call_atexit.o) (atexit)
c:/ac6/systemworkbench/plugins/fr.ac6.mcu.externaltools.arm-none.win32_1.17.0.201812190825/tools/compiler/bin/../lib/gcc/arm-none-eabi/7.3.1/../../../../arm-none-eabi/lib/thumb/v7e-m/fpv4-sp/hard\libc.a(lib_a-fini.o)
                              c:/ac6/systemworkbench/plugins/fr.ac6.mcu.externaltools.arm-none.win32_1.17.0.201812190825/tools/compiler/bin/../lib/gcc/arm-none-eabi/7.3.1/../../../../arm-none-eabi/lib/thumb/v7e-m/fpv4-sp/hard\libc.a(lib_a-__call_atexit.o) (__libc_fini_array)
c:/ac6/systemworkbench/plugins/fr.ac6.mcu.externaltools.arm-none.win32_1.17.0.201812190825/tools/compiler/bin/../lib/gcc/arm-none-eabi/7.3.1/../../../../arm-none-eabi/lib/thumb/v7e-m/fpv4-sp/hard\libc.a(lib_a-lock.o)
                              c:/ac6/systemworkbench/plugins/fr.ac6.mcu.externaltools.arm-none.win32_1.17.0.201812190825/tools/compiler/bin/../lib/gcc/arm-none-eabi/7.3.1/../../../../arm-none-eabi/lib/thumb/v7e-m/fpv4-sp/hard\libc.a(lib_a-__call_atexit.o) (__retarget_lock_acquire_recursive)
c:/ac6/systemworkbench/plugins/fr.ac6.mcu.externaltools.arm-none.win32_1.17.0.201812190825/tools/compiler/bin/../lib/gcc/arm-none-eabi/7.3.1/../../../../arm-none-eabi/lib/thumb/v7e-m/fpv4-sp/hard\libc.a(lib_a-__atexit.o)
                              c:/ac6/systemworkbench/plugins/fr.ac6.mcu.externaltools.arm-none.win32_1.17.0.201812190825/tools/compiler/bin/../lib/gcc/arm-none-eabi/7.3.1/../../../../arm-none-eabi/lib/thumb/v7e-m/fpv4-sp/hard\libc.a(lib_a-atexit.o) (__register_exitproc)

Allocating common symbols
Common symbol       size              file

__lock___atexit_recursive_mutex
                    0x1               c:/ac6/systemworkbench/plugins/fr.ac6.mcu.externaltools.arm-none.win32_1.17.0.201812190825/tools/compiler/bin/../lib/gcc/arm-none-eabi/7.3.1/../../../../arm-none-eabi/lib/thumb/v7e-m/fpv4-sp/hard\libc.a(lib_a-lock.o)
__lock___arc4random_mutex
                    0x1               c:/ac6/systemworkbench/plugins/fr.ac6.mcu.externaltools.arm-none.win32_1.17.0.201812190825/tools/compiler/bin/../lib/gcc/arm-none-eabi/7.3.1/../../../../arm-none-eabi/lib/thumb/v7e-m/fpv4-sp/hard\libc.a(lib_a-lock.o)
__lock___env_recursive_mutex
                    0x1               c:/ac6/systemworkbench/plugins/fr.ac6.mcu.externaltools.arm-none.win32_1.17.0.201812190825/tools/compiler/bin/../lib/gcc/arm-none-eabi/7.3.1/../../../../arm-none-eabi/lib/thumb/v7e-m/fpv4-sp/hard\libc.a(lib_a-lock.o)
__lock___sinit_recursive_mutex
                    0x1               c:/ac6/systemworkbench/plugins/fr.ac6.mcu.externaltools.arm-none.win32_1.17.0.201812190825/tools/compiler/bin/../lib/gcc/arm-none-eabi/7.3.1/../../../../arm-none-eabi/lib/thumb/v7e-m/fpv4-sp/hard\libc.a(lib_a-lock.o)
__lock___malloc_recursive_mutex
                    0x1               c:/ac6/systemworkbench/plugins/fr.ac6.mcu.externaltools.arm-none.win32_1.17.0.201812190825/tools/compiler/bin/../lib/gcc/arm-none-eabi/7.3.1/../../../../arm-none-eabi/lib/thumb/v7e-m/fpv4-sp/hard\libc.a(lib_a-lock.o)
__lock___at_quick_exit_mutex
                    0x1               c:/ac6/systemworkbench/plugins/fr.ac6.mcu.externaltools.arm-none.win32_1.17.0.201812190825/tools/compiler/bin/../lib/gcc/arm-none-eabi/7.3.1/../../../../arm-none-eabi/lib/thumb/v7e-m/fpv4-sp/hard\libc.a(lib_a-lock.o)
__lock___dd_hash_mutex
                    0x1               c:/ac6/systemworkbench/plugins/fr.ac6.mcu.externaltools.arm-none.win32_1.17.0.201812190825/tools/compiler/bin/../lib/gcc/arm-none-eabi/7.3.1/../../../../arm-none-eabi/lib/thumb/v7e-m/fpv4-sp/hard\libc.a(lib_a-lock.o)
__lock___tz_mutex   0x1               c:/ac6/systemworkbench/plugins/fr.ac6.mcu.externaltools.arm-none.win32_1.17.0.201812190825/tools/compiler/bin/../lib/gcc/arm-none-eabi/7.3.1/../../../../arm-none-eabi/lib/thumb/v7e-m/fpv4-sp/hard\libc.a(lib_a-lock.o)
__lock___sfp_recursive_mutex
                    0x1               c:/ac6/systemworkbench/plugins/fr.ac6.mcu.externaltools.arm-none.win32_1.17.0.201812190825/tools/compiler/bin/../lib/gcc/arm-none-eabi/7.3.1/../../../../arm-none-eabi/lib/thumb/v7e-m/fpv4-sp/hard\libc.a(lib_a-lock.o)

Discarded input sections

 .text          0x00000000        0x0 c:/ac6/systemworkbench/plugins/fr.ac6.mcu.externaltools.arm-none.win32_1.17.0.201812190825/tools/compiler/bin/../lib/gcc/arm-none-eabi/7.3.1/thumb/v7e-m/fpv4-sp/hard/crti.o
 .data          0x00000000        0x0 c:/ac6/systemworkbench/plugins/fr.ac6.mcu.externaltools.arm-none.win32_1.17.0.201812190825/tools/compiler/bin/../lib/gcc/arm-none-eabi/7.3.1/thumb/v7e-m/fpv4-sp/hard/crti.o
 .bss           0x00000000        0x0 c:/ac6/systemworkbench/plugins/fr.ac6.mcu.externaltools.arm-none.win32_1.17.0.201812190825/tools/compiler/bin/../lib/gcc/arm-none-eabi/7.3.1/thumb/v7e-m/fpv4-sp/hard/crti.o
 .data          0x00000000        0x4 c:/ac6/systemworkbench/plugins/fr.ac6.mcu.externaltools.arm-none.win32_1.17.0.201812190825/tools/compiler/bin/../lib/gcc/arm-none-eabi/7.3.1/thumb/v7e-m/fpv4-sp/hard/crtbegin.o
 .text          0x00000000       0x74 c:/ac6/systemworkbench/plugins/fr.ac6.mcu.externaltools.arm-none.win32_1.17.0.201812190825/tools/compiler/bin/../lib/gcc/arm-none-eabi/7.3.1/../../../../arm-none-eabi/lib/thumb/v7e-m/fpv4-sp/hard/crt0.o
 .data          0x00000000        0x0 c:/ac6/systemworkbench/plugins/fr.ac6.mcu.externaltools.arm-none.win32_1.17.0.201812190825/tools/compiler/bin/../lib/gcc/arm-none-eabi/7.3.1/../../../../arm-none-eabi/lib/thumb/v7e-m/fpv4-sp/hard/crt0.o
 .bss           0x00000000        0x0 c:/ac6/systemworkbench/plugins/fr.ac6.mcu.externaltools.arm-none.win32_1.17.0.201812190825/tools/compiler/bin/../lib/gcc/arm-none-eabi/7.3.1/../../../../arm-none-eabi/lib/thumb/v7e-m/fpv4-sp/hard/crt0.o
 .ARM.extab     0x00000000        0x0 c:/ac6/systemworkbench/plugins/fr.ac6.mcu.externaltools.arm-none.win32_1.17.0.201812190825/tools/compiler/bin/../lib/gcc/arm-none-eabi/7.3.1/../../../../arm-none-eabi/lib/thumb/v7e-m/fpv4-sp/hard/crt0.o
 .ARM.exidx     0x00000000        0x8 c:/ac6/systemworkbench/plugins/fr.ac6.mcu.externaltools.arm-none.win32_1.17.0.201812190825/tools/compiler/bin/../lib/gcc/arm-none-eabi/7.3.1/../../../../arm-none-eabi/lib/thumb/v7e-m/fpv4-sp/hard/crt0.o
 .ARM.attributes
                0x00000000       0x20 c:/ac6/systemworkbench/plugins/fr.ac6.mcu.externaltools.arm-none.win32_1.17.0.201812190825/tools/compiler/bin/../lib/gcc/arm-none-eabi/7.3.1/../../../../arm-none-eabi/lib/thumb/v7e-m/fpv4-sp/hard/crt0.o
 .group         0x00000000        0xc drivers/src/stm32f407xx_gpio_driver.o
 .group         0x00000000        0xc drivers/src/stm32f407xx_gpio_driver.o
 .group         0x00000000        0xc drivers/src/stm32f407xx_gpio_driver.o
 .group         0x00000000        0xc drivers/src/stm32f407xx_gpio_driver.o
 .group         0x00000000        0xc drivers/src/stm32f407xx_gpio_driver.o
 .group         0x00000000        0xc drivers/src/stm32f407xx_gpio_driver.o
 .group         0x00000000        0xc drivers/src/stm32f407xx_gpio_driver.o
 .group         0x00000000        0xc drivers/src/stm32f407xx_gpio_driver.o
 .group         0x00000000        0xc drivers/src/stm32f407xx_gpio_driver.o
 .group         0x00000000        0xc drivers/src/stm32f407xx_gpio_driver.o
 .group         0x00000000        0xc drivers/src/stm32f407xx_gpio_driver.o
 .text          0x00000000        0x0 drivers/src/stm32f407xx_gpio_driver.o
 .data          0x00000000        0x0 drivers/src/stm32f407xx_gpio_driver.o
 .bss           0x00000000        0x0 drivers/src/stm32f407xx_gpio_driver.o
 .text.GPIO_DeInit
                0x00000000      0x16c drivers/src/stm32f407xx_gpio_driver.o
 .text.GPIO_ReadPin
                0x00000000       0x2c drivers/src/stm32f407xx_gpio_driver.o
 .text.GPIO_ReadPort
                0x00000000       0x1c drivers/src/stm32f407xx_gpio_driver.o
 .text.GPIO_WritePin
                0x00000000       0x2e drivers/src/stm32f407xx_gpio_driver.o
 .text.GPIO_WritePort
                0x00000000       0x1e drivers/src/stm32f407xx_gpio_driver.o
 .text.GPIO_Togglepin
                0x00000000       0x2a drivers/src/stm32f407xx_gpio_driver.o
 .text.GPIO_IRQConfig
                0x00000000      0x10c drivers/src/stm32f407xx_gpio_driver.o
 .text.GPIO_IRQPriority
                0x00000000       0x54 drivers/src/stm32f407xx_gpio_driver.o
 .text.GPIO_IRQHandling
                0x00000000       0x40 drivers/src/stm32f407xx_gpio_driver.o
 .group         0x00000000        0xc drivers/src/stm32f407xx_spi_driver.o
 .group         0x00000000        0xc drivers/src/stm32f407xx_spi_driver.o
 .group         0x00000000        0xc drivers/src/stm32f407xx_spi_driver.o
 .group         0x00000000        0xc drivers/src/stm32f407xx_spi_driver.o
 .group         0x00000000        0xc drivers/src/stm32f407xx_spi_driver.o
 .group         0x00000000        0xc drivers/src/stm32f407xx_spi_driver.o
 .group         0x00000000        0xc drivers/src/stm32f407xx_spi_driver.o
 .group         0x00000000        0xc drivers/src/stm32f407xx_spi_driver.o
 .group         0x00000000        0xc drivers/src/stm32f407xx_spi_driver.o
 .group         0x00000000        0xc drivers/src/stm32f407xx_spi_driver.o
 .group         0x00000000        0xc drivers/src/stm32f407xx_spi_driver.o
 .group         0x00000000        0xc drivers/src/stm32f407xx_spi_driver.o
 .text          0x00000000        0x0 drivers/src/stm32f407xx_spi_driver.o
 .data          0x00000000        0x0 drivers/src/stm32f407xx_spi_driver.o
 .bss           0x00000000        0x0 drivers/src/stm32f407xx_spi_driver.o
 .text.SPI_DeInit
                0x00000000       0x88 drivers/src/stm32f407xx_spi_driver.o
 .text.SPI_SSOEConfig
                0x00000000       0x38 drivers/src/stm32f407xx_spi_driver.o
 .text.SPI_Receive
                0x00000000       0x6c drivers/src/stm32f407xx_spi_driver.o
 .text.SPI_IRQConfig
                0x00000000      0x10c drivers/src/stm32f407xx_spi_driver.o
 .text.SPI_IRQPriority
                0x00000000       0x54 drivers/src/stm32f407xx_spi_driver.o
 .text.SPI_SendDataIT
                0x00000000       0x48 drivers/src/stm32f407xx_spi_driver.o
 .text.SPI_ReceiveIT
                0x00000000       0x48 drivers/src/stm32f407xx_spi_driver.o
 .text.SPI_TXE_INT_HANDLE
                0x00000000       0x80 drivers/src/stm32f407xx_spi_driver.o
 .text.SPI_RXNE_INT_HANDLE
                0x00000000       0x84 drivers/src/stm32f407xx_spi_driver.o
 .text.SPI_OVR_INT_HANDLE
                0x00000000       0x30 drivers/src/stm32f407xx_spi_driver.o
 .text.SPI_ClearOVRFlag
                0x00000000       0x20 drivers/src/stm32f407xx_spi_driver.o
 .text.SPI_CloseTransmisson
                0x00000000       0x36 drivers/src/stm32f407xx_spi_driver.o
 .text.SPI_CloseReception
                0x00000000       0x36 drivers/src/stm32f407xx_spi_driver.o
 .text.SPI_IRQHandling
                0x00000000       0x9a drivers/src/stm32f407xx_spi_driver.o
 .text.SPI_ApplicationEventCallback
                0x00000000       0x18 drivers/src/stm32f407xx_spi_driver.o
 .debug_macro   0x00000000      0xa66 drivers/src/stm32f407xx_spi_driver.o
 .debug_macro   0x00000000       0x22 drivers/src/stm32f407xx_spi_driver.o
 .debug_macro   0x00000000       0x8e drivers/src/stm32f407xx_spi_driver.o
 .debug_macro   0x00000000       0x51 drivers/src/stm32f407xx_spi_driver.o
 .debug_macro   0x00000000       0xef drivers/src/stm32f407xx_spi_driver.o
 .debug_macro   0x00000000       0x6a drivers/src/stm32f407xx_spi_driver.o
 .debug_macro   0x00000000      0x1df drivers/src/stm32f407xx_spi_driver.o
 .debug_macro   0x00000000      0x646 drivers/src/stm32f407xx_spi_driver.o
 .debug_macro   0x00000000       0xc4 drivers/src/stm32f407xx_spi_driver.o
 .debug_macro   0x00000000       0xac drivers/src/stm32f407xx_spi_driver.o
 .debug_macro   0x00000000       0xee drivers/src/stm32f407xx_spi_driver.o
 .group         0x00000000        0xc drivers/src/stm32f407xx_usart_driver.o
 .group         0x00000000        0xc drivers/src/stm32f407xx_usart_driver.o
 .group         0x00000000        0xc drivers/src/stm32f407xx_usart_driver.o
 .group         0x00000000        0xc drivers/src/stm32f407xx_usart_driver.o
 .group         0x00000000        0xc drivers/src/stm32f407xx_usart_driver.o
 .group         0x00000000        0xc drivers/src/stm32f407xx_usart_driver.o
 .group         0x00000000        0xc drivers/src/stm32f407xx_usart_driver.o
 .group         0x00000000        0xc drivers/src/stm32f407xx_usart_driver.o
 .group         0x00000000        0xc drivers/src/stm32f407xx_usart_driver.o
 .group         0x00000000        0xc drivers/src/stm32f407xx_usart_driver.o
 .group         0x00000000        0xc drivers/src/stm32f407xx_usart_driver.o
 .text          0x00000000        0x0 drivers/src/stm32f407xx_usart_driver.o
 .data          0x00000000        0x0 drivers/src/stm32f407xx_usart_driver.o
 .bss           0x00000000        0x0 drivers/src/stm32f407xx_usart_driver.o
 .debug_info    0x00000000       0x68 drivers/src/stm32f407xx_usart_driver.o
 .debug_abbrev  0x00000000       0x29 drivers/src/stm32f407xx_usart_driver.o
 .debug_aranges
                0x00000000       0x18 drivers/src/stm32f407xx_usart_driver.o
 .debug_macro   0x00000000       0xa5 drivers/src/stm32f407xx_usart_driver.o
 .debug_macro   0x00000000      0xa66 drivers/src/stm32f407xx_usart_driver.o
 .debug_macro   0x00000000       0x22 drivers/src/stm32f407xx_usart_driver.o
 .debug_macro   0x00000000       0x8e drivers/src/stm32f407xx_usart_driver.o
 .debug_macro   0x00000000       0x51 drivers/src/stm32f407xx_usart_driver.o
 .debug_macro   0x00000000       0xef drivers/src/stm32f407xx_usart_driver.o
 .debug_macro   0x00000000       0x6a drivers/src/stm32f407xx_usart_driver.o
 .debug_macro   0x00000000      0x1df drivers/src/stm32f407xx_usart_driver.o
 .debug_macro   0x00000000      0x646 drivers/src/stm32f407xx_usart_driver.o
 .debug_macro   0x00000000       0xc4 drivers/src/stm32f407xx_usart_driver.o
 .debug_macro   0x00000000       0xac drivers/src/stm32f407xx_usart_driver.o
 .debug_macro   0x00000000       0xee drivers/src/stm32f407xx_usart_driver.o
 .debug_line    0x00000000      0x380 drivers/src/stm32f407xx_usart_driver.o
 .debug_str     0x00000000     0x62db drivers/src/stm32f407xx_usart_driver.o
 .comment       0x00000000       0x80 drivers/src/stm32f407xx_usart_driver.o
 .ARM.attributes
                0x00000000       0x39 drivers/src/stm32f407xx_usart_driver.o
 .group         0x00000000        0xc drivers/src/stmf407xx_i2c_driver.o
 .group         0x00000000        0xc drivers/src/stmf407xx_i2c_driver.o
 .group         0x00000000        0xc drivers/src/stmf407xx_i2c_driver.o
 .group         0x00000000        0xc drivers/src/stmf407xx_i2c_driver.o
 .group         0x00000000        0xc drivers/src/stmf407xx_i2c_driver.o
 .group         0x00000000        0xc drivers/src/stmf407xx_i2c_driver.o
 .group         0x00000000        0xc drivers/src/stmf407xx_i2c_driver.o
 .group         0x00000000        0xc drivers/src/stmf407xx_i2c_driver.o
 .group         0x00000000        0xc drivers/src/stmf407xx_i2c_driver.o
 .group         0x00000000        0xc drivers/src/stmf407xx_i2c_driver.o
 .group         0x00000000        0xc drivers/src/stmf407xx_i2c_driver.o
 .group         0x00000000        0xc drivers/src/stmf407xx_i2c_driver.o
 .group         0x00000000        0xc drivers/src/stmf407xx_i2c_driver.o
 .group         0x00000000        0xc drivers/src/stmf407xx_i2c_driver.o
 .group         0x00000000        0xc drivers/src/stmf407xx_i2c_driver.o
 .group         0x00000000        0xc drivers/src/stmf407xx_i2c_driver.o
 .group         0x00000000        0xc drivers/src/stmf407xx_i2c_driver.o
 .group         0x00000000        0xc drivers/src/stmf407xx_i2c_driver.o
 .group         0x00000000        0xc drivers/src/stmf407xx_i2c_driver.o
 .group         0x00000000        0xc drivers/src/stmf407xx_i2c_driver.o
 .group         0x00000000        0xc drivers/src/stmf407xx_i2c_driver.o
 .group         0x00000000        0xc drivers/src/stmf407xx_i2c_driver.o
 .group         0x00000000        0xc drivers/src/stmf407xx_i2c_driver.o
 .group         0x00000000        0xc drivers/src/stmf407xx_i2c_driver.o
 .text          0x00000000        0x0 drivers/src/stmf407xx_i2c_driver.o
 .data          0x00000000        0x0 drivers/src/stmf407xx_i2c_driver.o
 .bss           0x00000000        0x0 drivers/src/stmf407xx_i2c_driver.o
 .rodata        0x00000000       0x18 drivers/src/stmf407xx_i2c_driver.o
 .text.RCC_GetPCLK1Value
                0x00000000       0xd8 drivers/src/stmf407xx_i2c_driver.o
 .text.I2C_PeriClockControl
                0x00000000       0xb0 drivers/src/stmf407xx_i2c_driver.o
 .text.I2C_Init
                0x00000000      0x154 drivers/src/stmf407xx_i2c_driver.o
 .text.I2C_DeInit
                0x00000000       0x88 drivers/src/stmf407xx_i2c_driver.o
 .text.I2C_IRQInterruptConfig
                0x00000000      0x10c drivers/src/stmf407xx_i2c_driver.o
 .text.I2C_IRQPriorityConfig
                0x00000000       0x54 drivers/src/stmf407xx_i2c_driver.o
 .text.I2C_PeripheralControl
                0x00000000       0x38 drivers/src/stmf407xx_i2c_driver.o
 .text.I2C_MasterSendData
                0x00000000       0xc6 drivers/src/stmf407xx_i2c_driver.o
 .text.I2C_MasterReceiveData
                0x00000000      0x126 drivers/src/stmf407xx_i2c_driver.o
 .text.I2C_GenerateStart
                0x00000000       0x20 drivers/src/stmf407xx_i2c_driver.o
 .text.I2C_GetFlagStatus
                0x00000000       0x28 drivers/src/stmf407xx_i2c_driver.o
 .text.I2C_ExecuteAddressPhase
                0x00000000       0x52 drivers/src/stmf407xx_i2c_driver.o
 .text.I2C_ClearAddrFlag
                0x00000000       0x6e drivers/src/stmf407xx_i2c_driver.o
 .text.I2C_GenerateStop
                0x00000000       0x20 drivers/src/stmf407xx_i2c_driver.o
 .text.I2C_ManageAcking
                0x00000000       0x38 drivers/src/stmf407xx_i2c_driver.o
 .text.I2C_MasterSendDataIT
                0x00000000       0x86 drivers/src/stmf407xx_i2c_driver.o
 .text.I2C_MasterReceiveDataIT
                0x00000000       0x8c drivers/src/stmf407xx_i2c_driver.o
 .text.I2C_CloseReceiveData
                0x00000000       0x5c drivers/src/stmf407xx_i2c_driver.o
 .text.I2C_CloseSendData
                0x00000000       0x46 drivers/src/stmf407xx_i2c_driver.o
 .text.I2C_EV_IRQ_Handling
                0x00000000      0x222 drivers/src/stmf407xx_i2c_driver.o
 .text.I2C_ER_IRQ_Handling
                0x00000000       0x14 drivers/src/stmf407xx_i2c_driver.o
 .text.I2C_SlaveSendData
                0x00000000       0x1e drivers/src/stmf407xx_i2c_driver.o
 .text.I2C_SlaveReceiveData
                0x00000000       0x1c drivers/src/stmf407xx_i2c_driver.o
 .debug_info    0x00000000     0x121c drivers/src/stmf407xx_i2c_driver.o
 .debug_abbrev  0x00000000      0x2ed drivers/src/stmf407xx_i2c_driver.o
 .debug_aranges
                0x00000000       0xd0 drivers/src/stmf407xx_i2c_driver.o
 .debug_ranges  0x00000000       0xc0 drivers/src/stmf407xx_i2c_driver.o
 .debug_macro   0x00000000      0x166 drivers/src/stmf407xx_i2c_driver.o
 .debug_macro   0x00000000      0xa66 drivers/src/stmf407xx_i2c_driver.o
 .debug_macro   0x00000000       0x22 drivers/src/stmf407xx_i2c_driver.o
 .debug_macro   0x00000000       0x8e drivers/src/stmf407xx_i2c_driver.o
 .debug_macro   0x00000000       0x51 drivers/src/stmf407xx_i2c_driver.o
 .debug_macro   0x00000000       0xef drivers/src/stmf407xx_i2c_driver.o
 .debug_macro   0x00000000       0x6a drivers/src/stmf407xx_i2c_driver.o
 .debug_macro   0x00000000      0x1df drivers/src/stmf407xx_i2c_driver.o
 .debug_macro   0x00000000      0x646 drivers/src/stmf407xx_i2c_driver.o
 .debug_macro   0x00000000       0xc4 drivers/src/stmf407xx_i2c_driver.o
 .debug_macro   0x00000000       0xac drivers/src/stmf407xx_i2c_driver.o
 .debug_macro   0x00000000       0xee drivers/src/stmf407xx_i2c_driver.o
 .debug_macro   0x00000000       0x5e drivers/src/stmf407xx_i2c_driver.o
 .debug_macro   0x00000000       0x18 drivers/src/stmf407xx_i2c_driver.o
 .debug_macro   0x00000000       0x35 drivers/src/stmf407xx_i2c_driver.o
 .debug_macro   0x00000000       0x34 drivers/src/stmf407xx_i2c_driver.o
 .debug_macro   0x00000000      0x174 drivers/src/stmf407xx_i2c_driver.o
 .debug_macro   0x00000000       0x58 drivers/src/stmf407xx_i2c_driver.o
 .debug_macro   0x00000000       0x1f drivers/src/stmf407xx_i2c_driver.o
 .debug_macro   0x00000000       0x43 drivers/src/stmf407xx_i2c_driver.o
 .debug_macro   0x00000000       0x20 drivers/src/stmf407xx_i2c_driver.o
 .debug_macro   0x00000000      0x18e drivers/src/stmf407xx_i2c_driver.o
 .debug_macro   0x00000000      0x330 drivers/src/stmf407xx_i2c_driver.o
 .debug_macro   0x00000000       0x10 drivers/src/stmf407xx_i2c_driver.o
 .debug_macro   0x00000000       0x35 drivers/src/stmf407xx_i2c_driver.o
 .debug_line    0x00000000      0x781 drivers/src/stmf407xx_i2c_driver.o
 .debug_str     0x00000000     0x9641 drivers/src/stmf407xx_i2c_driver.o
 .comment       0x00000000       0x80 drivers/src/stmf407xx_i2c_driver.o
 .debug_frame   0x00000000      0x390 drivers/src/stmf407xx_i2c_driver.o
 .ARM.attributes
                0x00000000       0x39 drivers/src/stmf407xx_i2c_driver.o
 .group         0x00000000        0xc src/spi_tx.o
 .group         0x00000000        0xc src/spi_tx.o
 .group         0x00000000        0xc src/spi_tx.o
 .group         0x00000000        0xc src/spi_tx.o
 .group         0x00000000        0xc src/spi_tx.o
 .group         0x00000000        0xc src/spi_tx.o
 .group         0x00000000        0xc src/spi_tx.o
 .group         0x00000000        0xc src/spi_tx.o
 .group         0x00000000        0xc src/spi_tx.o
 .group         0x00000000        0xc src/spi_tx.o
 .group         0x00000000        0xc src/spi_tx.o
 .group         0x00000000        0xc src/spi_tx.o
 .group         0x00000000        0xc src/spi_tx.o
 .group         0x00000000        0xc src/spi_tx.o
 .group         0x00000000        0xc src/spi_tx.o
 .group         0x00000000        0xc src/spi_tx.o
 .group         0x00000000        0xc src/spi_tx.o
 .group         0x00000000        0xc src/spi_tx.o
 .group         0x00000000        0xc src/spi_tx.o
 .group         0x00000000        0xc src/spi_tx.o
 .group         0x00000000        0xc src/spi_tx.o
 .group         0x00000000        0xc src/spi_tx.o
 .group         0x00000000        0xc src/spi_tx.o
 .group         0x00000000        0xc src/spi_tx.o
 .text          0x00000000        0x0 src/spi_tx.o
 .data          0x00000000        0x0 src/spi_tx.o
 .bss           0x00000000        0x0 src/spi_tx.o
 .debug_macro   0x00000000      0xa66 src/spi_tx.o
 .debug_macro   0x00000000       0x22 src/spi_tx.o
 .debug_macro   0x00000000       0x18 src/spi_tx.o
 .debug_macro   0x00000000       0x35 src/spi_tx.o
 .debug_macro   0x00000000       0x34 src/spi_tx.o
 .debug_macro   0x00000000      0x174 src/spi_tx.o
 .debug_macro   0x00000000       0x58 src/spi_tx.o
 .debug_macro   0x00000000       0x1f src/spi_tx.o
 .debug_macro   0x00000000       0x43 src/spi_tx.o
 .debug_macro   0x00000000       0x20 src/spi_tx.o
 .debug_macro   0x00000000      0x18e src/spi_tx.o
 .debug_macro   0x00000000      0x330 src/spi_tx.o
 .debug_macro   0x00000000       0x10 src/spi_tx.o
 .debug_macro   0x00000000       0x35 src/spi_tx.o
 .debug_macro   0x00000000       0xef src/spi_tx.o
 .debug_macro   0x00000000       0x6a src/spi_tx.o
 .debug_macro   0x00000000      0x1df src/spi_tx.o
 .debug_macro   0x00000000      0x646 src/spi_tx.o
 .debug_macro   0x00000000       0xc4 src/spi_tx.o
 .debug_macro   0x00000000       0xac src/spi_tx.o
 .debug_macro   0x00000000       0xee src/spi_tx.o
 .text          0x00000000       0x14 startup/startup_stm32.o
 .data          0x00000000        0x0 startup/startup_stm32.o
 .bss           0x00000000        0x0 startup/startup_stm32.o
 .group         0x00000000        0xc startup/sysmem.o
 .group         0x00000000        0xc startup/sysmem.o
 .group         0x00000000        0xc startup/sysmem.o
 .group         0x00000000        0xc startup/sysmem.o
 .group         0x00000000        0xc startup/sysmem.o
 .group         0x00000000        0xc startup/sysmem.o
 .group         0x00000000        0xc startup/sysmem.o
 .group         0x00000000        0xc startup/sysmem.o
 .group         0x00000000        0xc startup/sysmem.o
 .group         0x00000000        0xc startup/sysmem.o
 .group         0x00000000        0xc startup/sysmem.o
 .group         0x00000000        0xc startup/sysmem.o
 .group         0x00000000        0xc startup/sysmem.o
 .group         0x00000000        0xc startup/sysmem.o
 .group         0x00000000        0xc startup/sysmem.o
 .group         0x00000000        0xc startup/sysmem.o
 .group         0x00000000        0xc startup/sysmem.o
 .group         0x00000000        0xc startup/sysmem.o
 .group         0x00000000        0xc startup/sysmem.o
 .group         0x00000000        0xc startup/sysmem.o
 .group         0x00000000        0xc startup/sysmem.o
 .group         0x00000000        0xc startup/sysmem.o
 .group         0x00000000        0xc startup/sysmem.o
 .group         0x00000000        0xc startup/sysmem.o
 .group         0x00000000        0xc startup/sysmem.o
 .group         0x00000000        0xc startup/sysmem.o
 .group         0x00000000        0xc startup/sysmem.o
 .group         0x00000000        0xc startup/sysmem.o
 .group         0x00000000        0xc startup/sysmem.o
 .group         0x00000000        0xc startup/sysmem.o
 .group         0x00000000        0xc startup/sysmem.o
 .group         0x00000000        0xc startup/sysmem.o
 .text          0x00000000        0x0 startup/sysmem.o
 .data          0x00000000        0x0 startup/sysmem.o
 .bss           0x00000000        0x4 startup/sysmem.o
 .text._sbrk    0x00000000       0x58 startup/sysmem.o
 .debug_info    0x00000000      0x92c startup/sysmem.o
 .debug_abbrev  0x00000000      0x1f1 startup/sysmem.o
 .debug_aranges
                0x00000000       0x20 startup/sysmem.o
 .debug_ranges  0x00000000       0x10 startup/sysmem.o
 .debug_macro   0x00000000      0x1ae startup/sysmem.o
 .debug_macro   0x00000000      0xa66 startup/sysmem.o
 .debug_macro   0x00000000       0x10 startup/sysmem.o
 .debug_macro   0x00000000       0x22 startup/sysmem.o
 .debug_macro   0x00000000       0x58 startup/sysmem.o
 .debug_macro   0x00000000       0x18 startup/sysmem.o
 .debug_macro   0x00000000       0x94 startup/sysmem.o
 .debug_macro   0x00000000       0x35 startup/sysmem.o
 .debug_macro   0x00000000       0x34 startup/sysmem.o
 .debug_macro   0x00000000      0x174 startup/sysmem.o
 .debug_macro   0x00000000       0x57 startup/sysmem.o
 .debug_macro   0x00000000       0x58 startup/sysmem.o
 .debug_macro   0x00000000       0x1f startup/sysmem.o
 .debug_macro   0x00000000       0x43 startup/sysmem.o
 .debug_macro   0x00000000       0x20 startup/sysmem.o
 .debug_macro   0x00000000      0x18e startup/sysmem.o
 .debug_macro   0x00000000      0x23b startup/sysmem.o
 .debug_macro   0x00000000       0x16 startup/sysmem.o
 .debug_macro   0x00000000       0x35 startup/sysmem.o
 .debug_macro   0x00000000      0x330 startup/sysmem.o
 .debug_macro   0x00000000       0x10 startup/sysmem.o
 .debug_macro   0x00000000       0x10 startup/sysmem.o
 .debug_macro   0x00000000       0x6a startup/sysmem.o
 .debug_macro   0x00000000       0x1c startup/sysmem.o
 .debug_macro   0x00000000       0x52 startup/sysmem.o
 .debug_macro   0x00000000       0x40 startup/sysmem.o
 .debug_macro   0x00000000       0x10 startup/sysmem.o
 .debug_macro   0x00000000       0x40 startup/sysmem.o
 .debug_macro   0x00000000       0xd7 startup/sysmem.o
 .debug_macro   0x00000000       0x1c startup/sysmem.o
 .debug_macro   0x00000000       0x3d startup/sysmem.o
 .debug_macro   0x00000000       0x16 startup/sysmem.o
 .debug_macro   0x00000000      0x16f startup/sysmem.o
 .debug_line    0x00000000      0x3e6 startup/sysmem.o
 .debug_str     0x00000000     0x77b0 startup/sysmem.o
 .comment       0x00000000       0x80 startup/sysmem.o
 .debug_frame   0x00000000       0x34 startup/sysmem.o
 .ARM.attributes
                0x00000000       0x39 startup/sysmem.o
 .text          0x00000000        0x0 c:/ac6/systemworkbench/plugins/fr.ac6.mcu.externaltools.arm-none.win32_1.17.0.201812190825/tools/compiler/bin/../lib/gcc/arm-none-eabi/7.3.1/../../../../arm-none-eabi/lib/thumb/v7e-m/fpv4-sp/hard\libc.a(lib_a-errno.o)
 .data          0x00000000        0x0 c:/ac6/systemworkbench/plugins/fr.ac6.mcu.externaltools.arm-none.win32_1.17.0.201812190825/tools/compiler/bin/../lib/gcc/arm-none-eabi/7.3.1/../../../../arm-none-eabi/lib/thumb/v7e-m/fpv4-sp/hard\libc.a(lib_a-errno.o)
 .bss           0x00000000        0x0 c:/ac6/systemworkbench/plugins/fr.ac6.mcu.externaltools.arm-none.win32_1.17.0.201812190825/tools/compiler/bin/../lib/gcc/arm-none-eabi/7.3.1/../../../../arm-none-eabi/lib/thumb/v7e-m/fpv4-sp/hard\libc.a(lib_a-errno.o)
 .text.__errno  0x00000000        0xc c:/ac6/systemworkbench/plugins/fr.ac6.mcu.externaltools.arm-none.win32_1.17.0.201812190825/tools/compiler/bin/../lib/gcc/arm-none-eabi/7.3.1/../../../../arm-none-eabi/lib/thumb/v7e-m/fpv4-sp/hard\libc.a(lib_a-errno.o)
 .debug_frame   0x00000000       0x20 c:/ac6/systemworkbench/plugins/fr.ac6.mcu.externaltools.arm-none.win32_1.17.0.201812190825/tools/compiler/bin/../lib/gcc/arm-none-eabi/7.3.1/../../../../arm-none-eabi/lib/thumb/v7e-m/fpv4-sp/hard\libc.a(lib_a-errno.o)
 .ARM.attributes
                0x00000000       0x34 c:/ac6/systemworkbench/plugins/fr.ac6.mcu.externaltools.arm-none.win32_1.17.0.201812190825/tools/compiler/bin/../lib/gcc/arm-none-eabi/7.3.1/../../../../arm-none-eabi/lib/thumb/v7e-m/fpv4-sp/hard\libc.a(lib_a-errno.o)
 .text          0x00000000        0x0 c:/ac6/systemworkbench/plugins/fr.ac6.mcu.externaltools.arm-none.win32_1.17.0.201812190825/tools/compiler/bin/../lib/gcc/arm-none-eabi/7.3.1/../../../../arm-none-eabi/lib/thumb/v7e-m/fpv4-sp/hard\libc.a(lib_a-exit.o)
 .data          0x00000000        0x0 c:/ac6/systemworkbench/plugins/fr.ac6.mcu.externaltools.arm-none.win32_1.17.0.201812190825/tools/compiler/bin/../lib/gcc/arm-none-eabi/7.3.1/../../../../arm-none-eabi/lib/thumb/v7e-m/fpv4-sp/hard\libc.a(lib_a-exit.o)
 .bss           0x00000000        0x0 c:/ac6/systemworkbench/plugins/fr.ac6.mcu.externaltools.arm-none.win32_1.17.0.201812190825/tools/compiler/bin/../lib/gcc/arm-none-eabi/7.3.1/../../../../arm-none-eabi/lib/thumb/v7e-m/fpv4-sp/hard\libc.a(lib_a-exit.o)
 .text.exit     0x00000000       0x20 c:/ac6/systemworkbench/plugins/fr.ac6.mcu.externaltools.arm-none.win32_1.17.0.201812190825/tools/compiler/bin/../lib/gcc/arm-none-eabi/7.3.1/../../../../arm-none-eabi/lib/thumb/v7e-m/fpv4-sp/hard\libc.a(lib_a-exit.o)
 .debug_frame   0x00000000       0x28 c:/ac6/systemworkbench/plugins/fr.ac6.mcu.externaltools.arm-none.win32_1.17.0.201812190825/tools/compiler/bin/../lib/gcc/arm-none-eabi/7.3.1/../../../../arm-none-eabi/lib/thumb/v7e-m/fpv4-sp/hard\libc.a(lib_a-exit.o)
 .ARM.attributes
                0x00000000       0x34 c:/ac6/systemworkbench/plugins/fr.ac6.mcu.externaltools.arm-none.win32_1.17.0.201812190825/tools/compiler/bin/../lib/gcc/arm-none-eabi/7.3.1/../../../../arm-none-eabi/lib/thumb/v7e-m/fpv4-sp/hard\libc.a(lib_a-exit.o)
 .text          0x00000000        0x0 c:/ac6/systemworkbench/plugins/fr.ac6.mcu.externaltools.arm-none.win32_1.17.0.201812190825/tools/compiler/bin/../lib/gcc/arm-none-eabi/7.3.1/../../../../arm-none-eabi/lib/thumb/v7e-m/fpv4-sp/hard\libc.a(lib_a-impure.o)
 .data          0x00000000        0x0 c:/ac6/systemworkbench/plugins/fr.ac6.mcu.externaltools.arm-none.win32_1.17.0.201812190825/tools/compiler/bin/../lib/gcc/arm-none-eabi/7.3.1/../../../../arm-none-eabi/lib/thumb/v7e-m/fpv4-sp/hard\libc.a(lib_a-impure.o)
 .bss           0x00000000        0x0 c:/ac6/systemworkbench/plugins/fr.ac6.mcu.externaltools.arm-none.win32_1.17.0.201812190825/tools/compiler/bin/../lib/gcc/arm-none-eabi/7.3.1/../../../../arm-none-eabi/lib/thumb/v7e-m/fpv4-sp/hard\libc.a(lib_a-impure.o)
 .data._impure_ptr
                0x00000000        0x4 c:/ac6/systemworkbench/plugins/fr.ac6.mcu.externaltools.arm-none.win32_1.17.0.201812190825/tools/compiler/bin/../lib/gcc/arm-none-eabi/7.3.1/../../../../arm-none-eabi/lib/thumb/v7e-m/fpv4-sp/hard\libc.a(lib_a-impure.o)
 .text          0x00000000        0x0 c:/ac6/systemworkbench/plugins/fr.ac6.mcu.externaltools.arm-none.win32_1.17.0.201812190825/tools/compiler/bin/../lib/gcc/arm-none-eabi/7.3.1/../../../../arm-none-eabi/lib/thumb/v7e-m/fpv4-sp/hard\libc.a(lib_a-init.o)
 .data          0x00000000        0x0 c:/ac6/systemworkbench/plugins/fr.ac6.mcu.externaltools.arm-none.win32_1.17.0.201812190825/tools/compiler/bin/../lib/gcc/arm-none-eabi/7.3.1/../../../../arm-none-eabi/lib/thumb/v7e-m/fpv4-sp/hard\libc.a(lib_a-init.o)
 .bss           0x00000000        0x0 c:/ac6/systemworkbench/plugins/fr.ac6.mcu.externaltools.arm-none.win32_1.17.0.201812190825/tools/compiler/bin/../lib/gcc/arm-none-eabi/7.3.1/../../../../arm-none-eabi/lib/thumb/v7e-m/fpv4-sp/hard\libc.a(lib_a-init.o)
 .text          0x00000000        0x0 c:/ac6/systemworkbench/plugins/fr.ac6.mcu.externaltools.arm-none.win32_1.17.0.201812190825/tools/compiler/bin/../lib/gcc/arm-none-eabi/7.3.1/../../../../arm-none-eabi/lib/thumb/v7e-m/fpv4-sp/hard\libc.a(lib_a-memset.o)
 .data          0x00000000        0x0 c:/ac6/systemworkbench/plugins/fr.ac6.mcu.externaltools.arm-none.win32_1.17.0.201812190825/tools/compiler/bin/../lib/gcc/arm-none-eabi/7.3.1/../../../../arm-none-eabi/lib/thumb/v7e-m/fpv4-sp/hard\libc.a(lib_a-memset.o)
 .bss           0x00000000        0x0 c:/ac6/systemworkbench/plugins/fr.ac6.mcu.externaltools.arm-none.win32_1.17.0.201812190825/tools/compiler/bin/../lib/gcc/arm-none-eabi/7.3.1/../../../../arm-none-eabi/lib/thumb/v7e-m/fpv4-sp/hard\libc.a(lib_a-memset.o)
 .text.memset   0x00000000       0x94 c:/ac6/systemworkbench/plugins/fr.ac6.mcu.externaltools.arm-none.win32_1.17.0.201812190825/tools/compiler/bin/../lib/gcc/arm-none-eabi/7.3.1/../../../../arm-none-eabi/lib/thumb/v7e-m/fpv4-sp/hard\libc.a(lib_a-memset.o)
 .debug_frame   0x00000000       0x38 c:/ac6/systemworkbench/plugins/fr.ac6.mcu.externaltools.arm-none.win32_1.17.0.201812190825/tools/compiler/bin/../lib/gcc/arm-none-eabi/7.3.1/../../../../arm-none-eabi/lib/thumb/v7e-m/fpv4-sp/hard\libc.a(lib_a-memset.o)
 .ARM.attributes
                0x00000000       0x34 c:/ac6/systemworkbench/plugins/fr.ac6.mcu.externaltools.arm-none.win32_1.17.0.201812190825/tools/compiler/bin/../lib/gcc/arm-none-eabi/7.3.1/../../../../arm-none-eabi/lib/thumb/v7e-m/fpv4-sp/hard\libc.a(lib_a-memset.o)
 .data          0x00000000        0x0 c:/ac6/systemworkbench/plugins/fr.ac6.mcu.externaltools.arm-none.win32_1.17.0.201812190825/tools/compiler/bin/../lib/gcc/arm-none-eabi/7.3.1/../../../../arm-none-eabi/lib/thumb/v7e-m/fpv4-sp/hard\libc.a(lib_a-strlen.o)
 .bss           0x00000000        0x0 c:/ac6/systemworkbench/plugins/fr.ac6.mcu.externaltools.arm-none.win32_1.17.0.201812190825/tools/compiler/bin/../lib/gcc/arm-none-eabi/7.3.1/../../../../arm-none-eabi/lib/thumb/v7e-m/fpv4-sp/hard\libc.a(lib_a-strlen.o)
 .text          0x00000000        0x0 c:/ac6/systemworkbench/plugins/fr.ac6.mcu.externaltools.arm-none.win32_1.17.0.201812190825/tools/compiler/bin/../lib/gcc/arm-none-eabi/7.3.1/../../../../arm-none-eabi/lib/thumb/v7e-m/fpv4-sp/hard\libc.a(lib_a-__call_atexit.o)
 .data          0x00000000        0x0 c:/ac6/systemworkbench/plugins/fr.ac6.mcu.externaltools.arm-none.win32_1.17.0.201812190825/tools/compiler/bin/../lib/gcc/arm-none-eabi/7.3.1/../../../../arm-none-eabi/lib/thumb/v7e-m/fpv4-sp/hard\libc.a(lib_a-__call_atexit.o)
 .bss           0x00000000        0x0 c:/ac6/systemworkbench/plugins/fr.ac6.mcu.externaltools.arm-none.win32_1.17.0.201812190825/tools/compiler/bin/../lib/gcc/arm-none-eabi/7.3.1/../../../../arm-none-eabi/lib/thumb/v7e-m/fpv4-sp/hard\libc.a(lib_a-__call_atexit.o)
 .text.__call_exitprocs
                0x00000000       0xe8 c:/ac6/systemworkbench/plugins/fr.ac6.mcu.externaltools.arm-none.win32_1.17.0.201812190825/tools/compiler/bin/../lib/gcc/arm-none-eabi/7.3.1/../../../../arm-none-eabi/lib/thumb/v7e-m/fpv4-sp/hard\libc.a(lib_a-__call_atexit.o)
 .text          0x00000000        0x0 c:/ac6/systemworkbench/plugins/fr.ac6.mcu.externaltools.arm-none.win32_1.17.0.201812190825/tools/compiler/bin/../lib/gcc/arm-none-eabi/7.3.1/../../../../arm-none-eabi/lib/thumb/v7e-m/fpv4-sp/hard\libc.a(lib_a-atexit.o)
 .data          0x00000000        0x0 c:/ac6/systemworkbench/plugins/fr.ac6.mcu.externaltools.arm-none.win32_1.17.0.201812190825/tools/compiler/bin/../lib/gcc/arm-none-eabi/7.3.1/../../../../arm-none-eabi/lib/thumb/v7e-m/fpv4-sp/hard\libc.a(lib_a-atexit.o)
 .bss           0x00000000        0x0 c:/ac6/systemworkbench/plugins/fr.ac6.mcu.externaltools.arm-none.win32_1.17.0.201812190825/tools/compiler/bin/../lib/gcc/arm-none-eabi/7.3.1/../../../../arm-none-eabi/lib/thumb/v7e-m/fpv4-sp/hard\libc.a(lib_a-atexit.o)
 .text          0x00000000        0x0 c:/ac6/systemworkbench/plugins/fr.ac6.mcu.externaltools.arm-none.win32_1.17.0.201812190825/tools/compiler/bin/../lib/gcc/arm-none-eabi/7.3.1/../../../../arm-none-eabi/lib/thumb/v7e-m/fpv4-sp/hard\libc.a(lib_a-fini.o)
 .data          0x00000000        0x0 c:/ac6/systemworkbench/plugins/fr.ac6.mcu.externaltools.arm-none.win32_1.17.0.201812190825/tools/compiler/bin/../lib/gcc/arm-none-eabi/7.3.1/../../../../arm-none-eabi/lib/thumb/v7e-m/fpv4-sp/hard\libc.a(lib_a-fini.o)
 .bss           0x00000000        0x0 c:/ac6/systemworkbench/plugins/fr.ac6.mcu.externaltools.arm-none.win32_1.17.0.201812190825/tools/compiler/bin/../lib/gcc/arm-none-eabi/7.3.1/../../../../arm-none-eabi/lib/thumb/v7e-m/fpv4-sp/hard\libc.a(lib_a-fini.o)
 .text          0x00000000        0x0 c:/ac6/systemworkbench/plugins/fr.ac6.mcu.externaltools.arm-none.win32_1.17.0.201812190825/tools/compiler/bin/../lib/gcc/arm-none-eabi/7.3.1/../../../../arm-none-eabi/lib/thumb/v7e-m/fpv4-sp/hard\libc.a(lib_a-lock.o)
 .data          0x00000000        0x0 c:/ac6/systemworkbench/plugins/fr.ac6.mcu.externaltools.arm-none.win32_1.17.0.201812190825/tools/compiler/bin/../lib/gcc/arm-none-eabi/7.3.1/../../../../arm-none-eabi/lib/thumb/v7e-m/fpv4-sp/hard\libc.a(lib_a-lock.o)
 .bss           0x00000000        0x0 c:/ac6/systemworkbench/plugins/fr.ac6.mcu.externaltools.arm-none.win32_1.17.0.201812190825/tools/compiler/bin/../lib/gcc/arm-none-eabi/7.3.1/../../../../arm-none-eabi/lib/thumb/v7e-m/fpv4-sp/hard\libc.a(lib_a-lock.o)
 .text.__retarget_lock_init
                0x00000000        0x4 c:/ac6/systemworkbench/plugins/fr.ac6.mcu.externaltools.arm-none.win32_1.17.0.201812190825/tools/compiler/bin/../lib/gcc/arm-none-eabi/7.3.1/../../../../arm-none-eabi/lib/thumb/v7e-m/fpv4-sp/hard\libc.a(lib_a-lock.o)
 .text.__retarget_lock_init_recursive
                0x00000000        0x4 c:/ac6/systemworkbench/plugins/fr.ac6.mcu.externaltools.arm-none.win32_1.17.0.201812190825/tools/compiler/bin/../lib/gcc/arm-none-eabi/7.3.1/../../../../arm-none-eabi/lib/thumb/v7e-m/fpv4-sp/hard\libc.a(lib_a-lock.o)
 .text.__retarget_lock_close
                0x00000000        0x4 c:/ac6/systemworkbench/plugins/fr.ac6.mcu.externaltools.arm-none.win32_1.17.0.201812190825/tools/compiler/bin/../lib/gcc/arm-none-eabi/7.3.1/../../../../arm-none-eabi/lib/thumb/v7e-m/fpv4-sp/hard\libc.a(lib_a-lock.o)
 .text.__retarget_lock_close_recursive
                0x00000000        0x4 c:/ac6/systemworkbench/plugins/fr.ac6.mcu.externaltools.arm-none.win32_1.17.0.201812190825/tools/compiler/bin/../lib/gcc/arm-none-eabi/7.3.1/../../../../arm-none-eabi/lib/thumb/v7e-m/fpv4-sp/hard\libc.a(lib_a-lock.o)
 .text.__retarget_lock_acquire
                0x00000000        0x4 c:/ac6/systemworkbench/plugins/fr.ac6.mcu.externaltools.arm-none.win32_1.17.0.201812190825/tools/compiler/bin/../lib/gcc/arm-none-eabi/7.3.1/../../../../arm-none-eabi/lib/thumb/v7e-m/fpv4-sp/hard\libc.a(lib_a-lock.o)
 .text.__retarget_lock_try_acquire
                0x00000000        0x4 c:/ac6/systemworkbench/plugins/fr.ac6.mcu.externaltools.arm-none.win32_1.17.0.201812190825/tools/compiler/bin/../lib/gcc/arm-none-eabi/7.3.1/../../../../arm-none-eabi/lib/thumb/v7e-m/fpv4-sp/hard\libc.a(lib_a-lock.o)
 .text.__retarget_lock_try_acquire_recursive
                0x00000000        0x4 c:/ac6/systemworkbench/plugins/fr.ac6.mcu.externaltools.arm-none.win32_1.17.0.201812190825/tools/compiler/bin/../lib/gcc/arm-none-eabi/7.3.1/../../../../arm-none-eabi/lib/thumb/v7e-m/fpv4-sp/hard\libc.a(lib_a-lock.o)
 .text.__retarget_lock_release
                0x00000000        0x4 c:/ac6/systemworkbench/plugins/fr.ac6.mcu.externaltools.arm-none.win32_1.17.0.201812190825/tools/compiler/bin/../lib/gcc/arm-none-eabi/7.3.1/../../../../arm-none-eabi/lib/thumb/v7e-m/fpv4-sp/hard\libc.a(lib_a-lock.o)
 .text          0x00000000        0x0 c:/ac6/systemworkbench/plugins/fr.ac6.mcu.externaltools.arm-none.win32_1.17.0.201812190825/tools/compiler/bin/../lib/gcc/arm-none-eabi/7.3.1/../../../../arm-none-eabi/lib/thumb/v7e-m/fpv4-sp/hard\libc.a(lib_a-__atexit.o)
 .data          0x00000000        0x0 c:/ac6/systemworkbench/plugins/fr.ac6.mcu.externaltools.arm-none.win32_1.17.0.201812190825/tools/compiler/bin/../lib/gcc/arm-none-eabi/7.3.1/../../../../arm-none-eabi/lib/thumb/v7e-m/fpv4-sp/hard\libc.a(lib_a-__atexit.o)
 .bss           0x00000000        0x0 c:/ac6/systemworkbench/plugins/fr.ac6.mcu.externaltools.arm-none.win32_1.17.0.201812190825/tools/compiler/bin/../lib/gcc/arm-none-eabi/7.3.1/../../../../arm-none-eabi/lib/thumb/v7e-m/fpv4-sp/hard\libc.a(lib_a-__atexit.o)
 .text          0x00000000        0x0 c:/ac6/systemworkbench/plugins/fr.ac6.mcu.externaltools.arm-none.win32_1.17.0.201812190825/tools/compiler/bin/../lib/gcc/arm-none-eabi/7.3.1/thumb/v7e-m/fpv4-sp/hard/crtend.o
 .data          0x00000000        0x0 c:/ac6/systemworkbench/plugins/fr.ac6.mcu.externaltools.arm-none.win32_1.17.0.201812190825/tools/compiler/bin/../lib/gcc/arm-none-eabi/7.3.1/thumb/v7e-m/fpv4-sp/hard/crtend.o
 .bss           0x00000000        0x0 c:/ac6/systemworkbench/plugins/fr.ac6.mcu.externaltools.arm-none.win32_1.17.0.201812190825/tools/compiler/bin/../lib/gcc/arm-none-eabi/7.3.1/thumb/v7e-m/fpv4-sp/hard/crtend.o
 .eh_frame      0x00000000        0x4 c:/ac6/systemworkbench/plugins/fr.ac6.mcu.externaltools.arm-none.win32_1.17.0.201812190825/tools/compiler/bin/../lib/gcc/arm-none-eabi/7.3.1/thumb/v7e-m/fpv4-sp/hard/crtend.o
 .ARM.attributes
                0x00000000       0x34 c:/ac6/systemworkbench/plugins/fr.ac6.mcu.externaltools.arm-none.win32_1.17.0.201812190825/tools/compiler/bin/../lib/gcc/arm-none-eabi/7.3.1/thumb/v7e-m/fpv4-sp/hard/crtend.o
 .text          0x00000000        0x0 c:/ac6/systemworkbench/plugins/fr.ac6.mcu.externaltools.arm-none.win32_1.17.0.201812190825/tools/compiler/bin/../lib/gcc/arm-none-eabi/7.3.1/thumb/v7e-m/fpv4-sp/hard/crtn.o
 .data          0x00000000        0x0 c:/ac6/systemworkbench/plugins/fr.ac6.mcu.externaltools.arm-none.win32_1.17.0.201812190825/tools/compiler/bin/../lib/gcc/arm-none-eabi/7.3.1/thumb/v7e-m/fpv4-sp/hard/crtn.o
 .bss           0x00000000        0x0 c:/ac6/systemworkbench/plugins/fr.ac6.mcu.externaltools.arm-none.win32_1.17.0.201812190825/tools/compiler/bin/../lib/gcc/arm-none-eabi/7.3.1/thumb/v7e-m/fpv4-sp/hard/crtn.o

Memory Configuration

Name             Origin             Length             Attributes
RAM              0x20000000         0x00020000         xrw
ROM              0x08000000         0x00100000         xr
*default*        0x00000000         0xffffffff

Linker script and memory map

LOAD c:/ac6/systemworkbench/plugins/fr.ac6.mcu.externaltools.arm-none.win32_1.17.0.201812190825/tools/compiler/bin/../lib/gcc/arm-none-eabi/7.3.1/thumb/v7e-m/fpv4-sp/hard/crti.o
LOAD c:/ac6/systemworkbench/plugins/fr.ac6.mcu.externaltools.arm-none.win32_1.17.0.201812190825/tools/compiler/bin/../lib/gcc/arm-none-eabi/7.3.1/thumb/v7e-m/fpv4-sp/hard/crtbegin.o
LOAD c:/ac6/systemworkbench/plugins/fr.ac6.mcu.externaltools.arm-none.win32_1.17.0.201812190825/tools/compiler/bin/../lib/gcc/arm-none-eabi/7.3.1/../../../../arm-none-eabi/lib/thumb/v7e-m/fpv4-sp/hard/crt0.o
LOAD drivers/src/stm32f407xx_gpio_driver.o
LOAD drivers/src/stm32f407xx_spi_driver.o
LOAD drivers/src/stm32f407xx_usart_driver.o
LOAD drivers/src/stmf407xx_i2c_driver.o
LOAD src/spi_tx.o
LOAD startup/startup_stm32.o
LOAD startup/sysmem.o
LOAD c:/ac6/systemworkbench/plugins/fr.ac6.mcu.externaltools.arm-none.win32_1.17.0.201812190825/tools/compiler/bin/../lib/gcc/arm-none-eabi/7.3.1/../../../../arm-none-eabi/lib/thumb/v7e-m/fpv4-sp/hard\libm.a
START GROUP
LOAD c:/ac6/systemworkbench/plugins/fr.ac6.mcu.externaltools.arm-none.win32_1.17.0.201812190825/tools/compiler/bin/../lib/gcc/arm-none-eabi/7.3.1/thumb/v7e-m/fpv4-sp/hard\libgcc.a
LOAD c:/ac6/systemworkbench/plugins/fr.ac6.mcu.externaltools.arm-none.win32_1.17.0.201812190825/tools/compiler/bin/../lib/gcc/arm-none-eabi/7.3.1/../../../../arm-none-eabi/lib/thumb/v7e-m/fpv4-sp/hard\libc.a
END GROUP
LOAD c:/ac6/systemworkbench/plugins/fr.ac6.mcu.externaltools.arm-none.win32_1.17.0.201812190825/tools/compiler/bin/../lib/gcc/arm-none-eabi/7.3.1/thumb/v7e-m/fpv4-sp/hard/crtend.o
LOAD c:/ac6/systemworkbench/plugins/fr.ac6.mcu.externaltools.arm-none.win32_1.17.0.201812190825/tools/compiler/bin/../lib/gcc/arm-none-eabi/7.3.1/thumb/v7e-m/fpv4-sp/hard/crtn.o
                0x20020000                _estack = 0x20020000
                0x00000000                _Min_Heap_Size = 0x0
                0x00000400                _Min_Stack_Size = 0x400

.isr_vector     0x08000000      0x1a8
                0x08000000                . = ALIGN (0x4)
 *(.isr_vector)
 .isr_vector    0x08000000      0x1a8 startup/startup_stm32.o
                0x08000000                g_pfnVectors
                0x080001a8                . = ALIGN (0x4)

.text           0x080001c0      0xba4
                0x080001c0                . = ALIGN (0x4)
 *(.text)
 .text          0x080001c0       0x40 c:/ac6/systemworkbench/plugins/fr.ac6.mcu.externaltools.arm-none.win32_1.17.0.201812190825/tools/compiler/bin/../lib/gcc/arm-none-eabi/7.3.1/thumb/v7e-m/fpv4-sp/hard/crtbegin.o
 .text          0x08000200       0xdc c:/ac6/systemworkbench/plugins/fr.ac6.mcu.externaltools.arm-none.win32_1.17.0.201812190825/tools/compiler/bin/../lib/gcc/arm-none-eabi/7.3.1/../../../../arm-none-eabi/lib/thumb/v7e-m/fpv4-sp/hard\libc.a(lib_a-strlen.o)
                0x08000200                strlen
 *(.text*)
 .text.GPIO_clkcontrol
                0x080002dc      0x230 drivers/src/stm32f407xx_gpio_driver.o
                0x080002dc                GPIO_clkcontrol
 .text.GPIO_Init
                0x0800050c      0x34c drivers/src/stm32f407xx_gpio_driver.o
                0x0800050c                GPIO_Init
 .text.SPI_clkcontrol
                0x08000858       0xb0 drivers/src/stm32f407xx_spi_driver.o
                0x08000858                SPI_clkcontrol
 .text.SPI_Init
                0x08000908       0xb6 drivers/src/stm32f407xx_spi_driver.o
                0x08000908                SPI_Init
 .text.SPI_SSIConfig
                0x080009be       0x38 drivers/src/stm32f407xx_spi_driver.o
                0x080009be                SPI_SSIConfig
 .text.SPI_Peripheral_Control
                0x080009f6       0x38 drivers/src/stm32f407xx_spi_driver.o
                0x080009f6                SPI_Peripheral_Control
 .text.SPI_Flag_Status
                0x08000a2e       0x28 drivers/src/stm32f407xx_spi_driver.o
                0x08000a2e                SPI_Flag_Status
 .text.SPI_SendData
                0x08000a56       0x6c drivers/src/stm32f407xx_spi_driver.o
                0x08000a56                SPI_SendData
 *fill*         0x08000ac2        0x2 
 .text.SPI2_GPIO_Init
                0x08000ac4       0x44 src/spi_tx.o
                0x08000ac4                SPI2_GPIO_Init
 .text.SPI2_Init
                0x08000b08       0x3c src/spi_tx.o
                0x08000b08                SPI2_Init
 .text.main     0x08000b44       0x50 src/spi_tx.o
                0x08000b44                main
 .text.Reset_Handler
                0x08000b94       0x50 startup/startup_stm32.o
                0x08000b94                Reset_Handler
 .text.Default_Handler
                0x08000be4        0x2 startup/startup_stm32.o
                0x08000be4                RTC_Alarm_IRQHandler
                0x08000be4                HASH_RNG_IRQHandler
                0x08000be4                EXTI2_IRQHandler
                0x08000be4                TIM8_CC_IRQHandler
                0x08000be4                DebugMon_Handler
                0x08000be4                TIM1_CC_IRQHandler
                0x08000be4                DMA2_Stream5_IRQHandler
                0x08000be4                HardFault_Handler
                0x08000be4                DMA1_Stream5_IRQHandler
                0x08000be4                SysTick_Handler
                0x08000be4                PVD_IRQHandler
                0x08000be4                SDIO_IRQHandler
                0x08000be4                TAMP_STAMP_IRQHandler
                0x08000be4                PendSV_Handler
                0x08000be4                NMI_Handler
                0x08000be4                CAN2_RX1_IRQHandler
                0x08000be4                EXTI3_IRQHandler
                0x08000be4                TIM8_TRG_COM_TIM14_IRQHandler
                0x08000be4                TIM1_UP_TIM10_IRQHandler
                0x08000be4                TIM8_UP_TIM13_IRQHandler
                0x08000be4                I2C3_ER_IRQHandler
                0x08000be4                LCD_TFT_IRQHandler
                0x08000be4                EXTI0_IRQHandler
                0x08000be4                I2C2_EV_IRQHandler
                0x08000be4                DMA1_Stream2_IRQHandler
                0x08000be4                CAN1_RX0_IRQHandler
                0x08000be4                FPU_IRQHandler
                0x08000be4                OTG_HS_WKUP_IRQHandler
                0x08000be4                UsageFault_Handler
                0x08000be4                CAN2_SCE_IRQHandler
                0x08000be4                DMA2_Stream2_IRQHandler
                0x08000be4                SPI1_IRQHandler
                0x08000be4                TIM6_DAC_IRQHandler
                0x08000be4                TIM1_BRK_TIM9_IRQHandler
                0x08000be4                DCMI_IRQHandler
                0x08000be4                CAN2_RX0_IRQHandler
                0x08000be4                DMA2_Stream3_IRQHandler
                0x08000be4                USART6_IRQHandler
                0x08000be4                USART3_IRQHandler
                0x08000be4                CRYP_IRQHandler
                0x08000be4                CAN1_RX1_IRQHandler
                0x08000be4                UART5_IRQHandler
                0x08000be4                DMA2_Stream0_IRQHandler
                0x08000be4                TIM4_IRQHandler
                0x08000be4                I2C1_EV_IRQHandler
                0x08000be4                DMA1_Stream6_IRQHandler
                0x08000be4                DMA1_Stream1_IRQHandler
                0x08000be4                UART4_IRQHandler
                0x08000be4                LCD_TFT_1_IRQHandler
                0x08000be4                TIM3_IRQHandler
                0x08000be4                RCC_IRQHandler
                0x08000be4                TIM8_BRK_TIM12_IRQHandler
                0x08000be4                Default_Handler
                0x08000be4                EXTI15_10_IRQHandler
                0x08000be4                ADC_IRQHandler
                0x08000be4                DMA1_Stream7_IRQHandler
                0x08000be4                TIM7_IRQHandler
                0x08000be4                CAN2_TX_IRQHandler
                0x08000be4                TIM5_IRQHandler
                0x08000be4                DMA2_Stream7_IRQHandler
                0x08000be4                I2C3_EV_IRQHandler
                0x08000be4                EXTI9_5_IRQHandler
                0x08000be4                RTC_WKUP_IRQHandler
                0x08000be4                ETH_WKUP_IRQHandler
                0x08000be4                SPI2_IRQHandler
                0x08000be4                OTG_HS_EP1_IN_IRQHandler
                0x08000be4                MemManage_Handler
                0x08000be4                DMA1_Stream0_IRQHandler
                0x08000be4                CAN1_TX_IRQHandler
                0x08000be4                SVC_Handler
                0x08000be4                EXTI4_IRQHandler
                0x08000be4                FSMC_IRQHandler
                0x08000be4                ETH_IRQHandler
                0x08000be4                OTG_HS_EP1_OUT_IRQHandler
                0x08000be4                WWDG_IRQHandler
                0x08000be4                TIM2_IRQHandler
                0x08000be4                OTG_FS_WKUP_IRQHandler
                0x08000be4                TIM1_TRG_COM_TIM11_IRQHandler
                0x08000be4                OTG_HS_IRQHandler
                0x08000be4                EXTI1_IRQHandler
                0x08000be4                USART2_IRQHandler
                0x08000be4                I2C2_ER_IRQHandler
                0x08000be4                DMA2_Stream1_IRQHandler
                0x08000be4                CAN1_SCE_IRQHandler
                0x08000be4                DMA2_Stream4_IRQHandler
                0x08000be4                BusFault_Handler
                0x08000be4                USART1_IRQHandler
                0x08000be4                OTG_FS_IRQHandler
                0x08000be4                SPI3_IRQHandler
                0x08000be4                DMA1_Stream4_IRQHandler
                0x08000be4                I2C1_ER_IRQHandler
                0x08000be4                DMA2_Stream6_IRQHandler
                0x08000be4                DMA1_Stream3_IRQHandler
 *fill*         0x08000be6        0x2 
 .text.__libc_init_array
                0x08000be8       0x48 c:/ac6/systemworkbench/plugins/fr.ac6.mcu.externaltools.arm-none.win32_1.17.0.201812190825/tools/compiler/bin/../lib/gcc/arm-none-eabi/7.3.1/../../../../arm-none-eabi/lib/thumb/v7e-m/fpv4-sp/hard\libc.a(lib_a-init.o)
                0x08000be8                __libc_init_array
 .text.startup.register_fini
                0x08000c30       0x14 c:/ac6/systemworkbench/plugins/fr.ac6.mcu.externaltools.arm-none.win32_1.17.0.201812190825/tools/compiler/bin/../lib/gcc/arm-none-eabi/7.3.1/../../../../arm-none-eabi/lib/thumb/v7e-m/fpv4-sp/hard\libc.a(lib_a-__call_atexit.o)
 .text.atexit   0x08000c44        0xc c:/ac6/systemworkbench/plugins/fr.ac6.mcu.externaltools.arm-none.win32_1.17.0.201812190825/tools/compiler/bin/../lib/gcc/arm-none-eabi/7.3.1/../../../../arm-none-eabi/lib/thumb/v7e-m/fpv4-sp/hard\libc.a(lib_a-atexit.o)
                0x08000c44                atexit
 .text.__libc_fini_array
                0x08000c50       0x34 c:/ac6/systemworkbench/plugins/fr.ac6.mcu.externaltools.arm-none.win32_1.17.0.201812190825/tools/compiler/bin/../lib/gcc/arm-none-eabi/7.3.1/../../../../arm-none-eabi/lib/thumb/v7e-m/fpv4-sp/hard\libc.a(lib_a-fini.o)
                0x08000c50                __libc_fini_array
 .text.__retarget_lock_acquire_recursive
                0x08000c84        0x4 c:/ac6/systemworkbench/plugins/fr.ac6.mcu.externaltools.arm-none.win32_1.17.0.201812190825/tools/compiler/bin/../lib/gcc/arm-none-eabi/7.3.1/../../../../arm-none-eabi/lib/thumb/v7e-m/fpv4-sp/hard\libc.a(lib_a-lock.o)
                0x08000c84                __retarget_lock_acquire_recursive
 .text.__retarget_lock_release_recursive
                0x08000c88        0x4 c:/ac6/systemworkbench/plugins/fr.ac6.mcu.externaltools.arm-none.win32_1.17.0.201812190825/tools/compiler/bin/../lib/gcc/arm-none-eabi/7.3.1/../../../../arm-none-eabi/lib/thumb/v7e-m/fpv4-sp/hard\libc.a(lib_a-lock.o)
                0x08000c88                __retarget_lock_release_recursive
 .text.__register_exitproc
                0x08000c8c       0xc0 c:/ac6/systemworkbench/plugins/fr.ac6.mcu.externaltools.arm-none.win32_1.17.0.201812190825/tools/compiler/bin/../lib/gcc/arm-none-eabi/7.3.1/../../../../arm-none-eabi/lib/thumb/v7e-m/fpv4-sp/hard\libc.a(lib_a-__atexit.o)
                0x08000c8c                __register_exitproc
 *(.glue_7)
 .glue_7        0x08000d4c        0x0 linker stubs
 *(.glue_7t)
 .glue_7t       0x08000d4c        0x0 linker stubs
 *(.eh_frame)
 .eh_frame      0x08000d4c        0x0 c:/ac6/systemworkbench/plugins/fr.ac6.mcu.externaltools.arm-none.win32_1.17.0.201812190825/tools/compiler/bin/../lib/gcc/arm-none-eabi/7.3.1/thumb/v7e-m/fpv4-sp/hard/crtbegin.o
 *(.init)
 .init          0x08000d4c        0x4 c:/ac6/systemworkbench/plugins/fr.ac6.mcu.externaltools.arm-none.win32_1.17.0.201812190825/tools/compiler/bin/../lib/gcc/arm-none-eabi/7.3.1/thumb/v7e-m/fpv4-sp/hard/crti.o
                0x08000d4c                _init
 .init          0x08000d50        0x8 c:/ac6/systemworkbench/plugins/fr.ac6.mcu.externaltools.arm-none.win32_1.17.0.201812190825/tools/compiler/bin/../lib/gcc/arm-none-eabi/7.3.1/thumb/v7e-m/fpv4-sp/hard/crtn.o
 *(.fini)
 .fini          0x08000d58        0x4 c:/ac6/systemworkbench/plugins/fr.ac6.mcu.externaltools.arm-none.win32_1.17.0.201812190825/tools/compiler/bin/../lib/gcc/arm-none-eabi/7.3.1/thumb/v7e-m/fpv4-sp/hard/crti.o
                0x08000d58                _fini
 .fini          0x08000d5c        0x8 c:/ac6/systemworkbench/plugins/fr.ac6.mcu.externaltools.arm-none.win32_1.17.0.201812190825/tools/compiler/bin/../lib/gcc/arm-none-eabi/7.3.1/thumb/v7e-m/fpv4-sp/hard/crtn.o
                0x08000d64                . = ALIGN (0x4)
                0x08000d64                _etext = .

.vfp11_veneer   0x08000d64        0x0
 .vfp11_veneer  0x08000d64        0x0 linker stubs

.v4_bx          0x08000d64        0x0
 .v4_bx         0x08000d64        0x0 linker stubs

.iplt           0x08000d64        0x0
 .iplt          0x08000d64        0x0 c:/ac6/systemworkbench/plugins/fr.ac6.mcu.externaltools.arm-none.win32_1.17.0.201812190825/tools/compiler/bin/../lib/gcc/arm-none-eabi/7.3.1/thumb/v7e-m/fpv4-sp/hard/crtbegin.o

.rodata         0x08000d64       0x10
                0x08000d64                . = ALIGN (0x4)
 *(.rodata)
 .rodata        0x08000d64        0xc src/spi_tx.o
 *(.rodata*)
 .rodata._global_impure_ptr
                0x08000d70        0x4 c:/ac6/systemworkbench/plugins/fr.ac6.mcu.externaltools.arm-none.win32_1.17.0.201812190825/tools/compiler/bin/../lib/gcc/arm-none-eabi/7.3.1/../../../../arm-none-eabi/lib/thumb/v7e-m/fpv4-sp/hard\libc.a(lib_a-impure.o)
                0x08000d70                _global_impure_ptr
                0x08000d74                . = ALIGN (0x4)

.rel.dyn        0x08000d74        0x0
 .rel.iplt      0x08000d74        0x0 c:/ac6/systemworkbench/plugins/fr.ac6.mcu.externaltools.arm-none.win32_1.17.0.201812190825/tools/compiler/bin/../lib/gcc/arm-none-eabi/7.3.1/thumb/v7e-m/fpv4-sp/hard/crtbegin.o

.ARM.extab      0x08000d74        0x0
                0x08000d74                . = ALIGN (0x4)
 *(.ARM.extab* .gnu.linkonce.armextab.*)
                0x08000d74                . = ALIGN (0x4)

.ARM            0x08000d74        0x0
                0x08000d74                . = ALIGN (0x4)
                0x08000d74                __exidx_start = .
 *(.ARM.exidx*)
                0x08000d74                __exidx_end = .
                0x08000d74                . = ALIGN (0x4)

.preinit_array  0x08000d74        0x0
                0x08000d74                . = ALIGN (0x4)
                0x08000d74                PROVIDE (__preinit_array_start = .)
 *(.preinit_array*)
                0x08000d74                PROVIDE (__preinit_array_end = .)
                0x08000d74                . = ALIGN (0x4)

.init_array     0x08000d74        0x8
                0x08000d74                . = ALIGN (0x4)
                0x08000d74                PROVIDE (__init_array_start = .)
 *(SORT_BY_NAME(.init_array.*))
 .init_array.00000
                0x08000d74        0x4 c:/ac6/systemworkbench/plugins/fr.ac6.mcu.externaltools.arm-none.win32_1.17.0.201812190825/tools/compiler/bin/../lib/gcc/arm-none-eabi/7.3.1/../../../../arm-none-eabi/lib/thumb/v7e-m/fpv4-sp/hard\libc.a(lib_a-__call_atexit.o)
 *(.init_array*)
 .init_array    0x08000d78        0x4 c:/ac6/systemworkbench/plugins/fr.ac6.mcu.externaltools.arm-none.win32_1.17.0.201812190825/tools/compiler/bin/../lib/gcc/arm-none-eabi/7.3.1/thumb/v7e-m/fpv4-sp/hard/crtbegin.o
                0x08000d7c                PROVIDE (__init_array_end = .)
                0x08000d7c                . = ALIGN (0x4)

.fini_array     0x08000d7c        0x4
                0x08000d7c                . = ALIGN (0x4)
                0x08000d7c                PROVIDE (__fini_array_start = .)
 *(SORT_BY_NAME(.fini_array.*))
 *(.fini_array*)
 .fini_array    0x08000d7c        0x4 c:/ac6/systemworkbench/plugins/fr.ac6.mcu.externaltools.arm-none.win32_1.17.0.201812190825/tools/compiler/bin/../lib/gcc/arm-none-eabi/7.3.1/thumb/v7e-m/fpv4-sp/hard/crtbegin.o
                0x08000d80                PROVIDE (__fini_array_end = .)
                0x08000d80                . = ALIGN (0x4)
                0x08000d80                _sidata = LOADADDR (.data)

.data           0x20000000      0x42c load address 0x08000d80
                0x20000000                . = ALIGN (0x4)
                0x20000000                _sdata = .
 *(.data)
 *(.data*)
 .data.impure_data
                0x20000000      0x428 c:/ac6/systemworkbench/plugins/fr.ac6.mcu.externaltools.arm-none.win32_1.17.0.201812190825/tools/compiler/bin/../lib/gcc/arm-none-eabi/7.3.1/../../../../arm-none-eabi/lib/thumb/v7e-m/fpv4-sp/hard\libc.a(lib_a-impure.o)
 .data.__atexit_recursive_mutex
                0x20000428        0x4 c:/ac6/systemworkbench/plugins/fr.ac6.mcu.externaltools.arm-none.win32_1.17.0.201812190825/tools/compiler/bin/../lib/gcc/arm-none-eabi/7.3.1/../../../../arm-none-eabi/lib/thumb/v7e-m/fpv4-sp/hard\libc.a(lib_a-__call_atexit.o)
                0x20000428                __atexit_recursive_mutex
                0x2000042c                . = ALIGN (0x4)
                0x2000042c                _edata = .

.igot.plt       0x2000042c        0x0 load address 0x080011ac
 .igot.plt      0x2000042c        0x0 c:/ac6/systemworkbench/plugins/fr.ac6.mcu.externaltools.arm-none.win32_1.17.0.201812190825/tools/compiler/bin/../lib/gcc/arm-none-eabi/7.3.1/thumb/v7e-m/fpv4-sp/hard/crtbegin.o
                0x2000042c                . = ALIGN (0x4)

.bss            0x2000042c       0x40 load address 0x080011ac
                0x2000042c                _sbss = .
                0x2000042c                __bss_start__ = _sbss
 *(.bss)
 .bss           0x2000042c       0x1c c:/ac6/systemworkbench/plugins/fr.ac6.mcu.externaltools.arm-none.win32_1.17.0.201812190825/tools/compiler/bin/../lib/gcc/arm-none-eabi/7.3.1/thumb/v7e-m/fpv4-sp/hard/crtbegin.o
 *(.bss*)
 *(COMMON)
 COMMON         0x20000448       0x21 c:/ac6/systemworkbench/plugins/fr.ac6.mcu.externaltools.arm-none.win32_1.17.0.201812190825/tools/compiler/bin/../lib/gcc/arm-none-eabi/7.3.1/../../../../arm-none-eabi/lib/thumb/v7e-m/fpv4-sp/hard\libc.a(lib_a-lock.o)
                0x20000448                __lock___atexit_recursive_mutex
                0x2000044c                __lock___arc4random_mutex
                0x20000450                __lock___env_recursive_mutex
                0x20000454                __lock___sinit_recursive_mutex
                0x20000458                __lock___malloc_recursive_mutex
                0x2000045c                __lock___at_quick_exit_mutex
                0x20000460                __lock___dd_hash_mutex
                0x20000464                __lock___tz_mutex
                0x20000468                __lock___sfp_recursive_mutex
                0x2000046c                . = ALIGN (0x4)
 *fill*         0x20000469        0x3 
                0x2000046c                _ebss = .
                0x2000046c                __bss_end__ = _ebss

._user_heap_stack
                0x2000046c      0x404 load address 0x080011ac
                0x20000470                . = ALIGN (0x8)
 *fill*         0x2000046c        0x4 
                0x20000470                PROVIDE (end = .)
                [!provide]                PROVIDE (_end = .)
                0x20000470                . = (. + _Min_Heap_Size)
                0x20000870                . = (. + _Min_Stack_Size)
 *fill*         0x20000470      0x400 
                0x20000870                . = ALIGN (0x8)

/DISCARD/
 libc.a(*)
 libm.a(*)
 libgcc.a(*)

.ARM.attributes
                0x00000000       0x30
 *(.ARM.attributes)
 .ARM.attributes
                0x00000000       0x22 c:/ac6/systemworkbench/plugins/fr.ac6.mcu.externaltools.arm-none.win32_1.17.0.201812190825/tools/compiler/bin/../lib/gcc/arm-none-eabi/7.3.1/thumb/v7e-m/fpv4-sp/hard/crti.o
 .ARM.attributes
                0x00000022       0x34 c:/ac6/systemworkbench/plugins/fr.ac6.mcu.externaltools.arm-none.win32_1.17.0.201812190825/tools/compiler/bin/../lib/gcc/arm-none-eabi/7.3.1/thumb/v7e-m/fpv4-sp/hard/crtbegin.o
 .ARM.attributes
                0x00000056       0x39 drivers/src/stm32f407xx_gpio_driver.o
 .ARM.attributes
                0x0000008f       0x39 drivers/src/stm32f407xx_spi_driver.o
 .ARM.attributes
                0x000000c8       0x39 src/spi_tx.o
 .ARM.attributes
                0x00000101       0x21 startup/startup_stm32.o
 .ARM.attributes
                0x00000122       0x34 c:/ac6/systemworkbench/plugins/fr.ac6.mcu.externaltools.arm-none.win32_1.17.0.201812190825/tools/compiler/bin/../lib/gcc/arm-none-eabi/7.3.1/../../../../arm-none-eabi/lib/thumb/v7e-m/fpv4-sp/hard\libc.a(lib_a-impure.o)
 .ARM.attributes
                0x00000156       0x34 c:/ac6/systemworkbench/plugins/fr.ac6.mcu.externaltools.arm-none.win32_1.17.0.201812190825/tools/compiler/bin/../lib/gcc/arm-none-eabi/7.3.1/../../../../arm-none-eabi/lib/thumb/v7e-m/fpv4-sp/hard\libc.a(lib_a-init.o)
 .ARM.attributes
                0x0000018a       0x20 c:/ac6/systemworkbench/plugins/fr.ac6.mcu.externaltools.arm-none.win32_1.17.0.201812190825/tools/compiler/bin/../lib/gcc/arm-none-eabi/7.3.1/../../../../arm-none-eabi/lib/thumb/v7e-m/fpv4-sp/hard\libc.a(lib_a-strlen.o)
 .ARM.attributes
                0x000001aa       0x34 c:/ac6/systemworkbench/plugins/fr.ac6.mcu.externaltools.arm-none.win32_1.17.0.201812190825/tools/compiler/bin/../lib/gcc/arm-none-eabi/7.3.1/../../../../arm-none-eabi/lib/thumb/v7e-m/fpv4-sp/hard\libc.a(lib_a-__call_atexit.o)
 .ARM.attributes
                0x000001de       0x34 c:/ac6/systemworkbench/plugins/fr.ac6.mcu.externaltools.arm-none.win32_1.17.0.201812190825/tools/compiler/bin/../lib/gcc/arm-none-eabi/7.3.1/../../../../arm-none-eabi/lib/thumb/v7e-m/fpv4-sp/hard\libc.a(lib_a-atexit.o)
 .ARM.attributes
                0x00000212       0x34 c:/ac6/systemworkbench/plugins/fr.ac6.mcu.externaltools.arm-none.win32_1.17.0.201812190825/tools/compiler/bin/../lib/gcc/arm-none-eabi/7.3.1/../../../../arm-none-eabi/lib/thumb/v7e-m/fpv4-sp/hard\libc.a(lib_a-fini.o)
 .ARM.attributes
                0x00000246       0x34 c:/ac6/systemworkbench/plugins/fr.ac6.mcu.externaltools.arm-none.win32_1.17.0.201812190825/tools/compiler/bin/../lib/gcc/arm-none-eabi/7.3.1/../../../../arm-none-eabi/lib/thumb/v7e-m/fpv4-sp/hard\libc.a(lib_a-lock.o)
 .ARM.attributes
                0x0000027a       0x34 c:/ac6/systemworkbench/plugins/fr.ac6.mcu.externaltools.arm-none.win32_1.17.0.201812190825/tools/compiler/bin/../lib/gcc/arm-none-eabi/7.3.1/../../../../arm-none-eabi/lib/thumb/v7e-m/fpv4-sp/hard\libc.a(lib_a-__atexit.o)
 .ARM.attributes
                0x000002ae       0x22 c:/ac6/systemworkbench/plugins/fr.ac6.mcu.externaltools.arm-none.win32_1.17.0.201812190825/tools/compiler/bin/../lib/gcc/arm-none-eabi/7.3.1/thumb/v7e-m/fpv4-sp/hard/crtn.o
OUTPUT(stm32f4xx_drivers.elf elf32-littlearm)

.debug_info     0x00000000     0x1b75
 .debug_info    0x00000000      0x72d drivers/src/stm32f407xx_gpio_driver.o
 .debug_info    0x0000072d      0x857 drivers/src/stm32f407xx_spi_driver.o
 .debug_info    0x00000f84      0xbcf src/spi_tx.o
 .debug_info    0x00001b53       0x22 startup/startup_stm32.o

.debug_abbrev   0x00000000      0x4cf
 .debug_abbrev  0x00000000      0x159 drivers/src/stm32f407xx_gpio_driver.o
 .debug_abbrev  0x00000159      0x181 drivers/src/stm32f407xx_spi_driver.o
 .debug_abbrev  0x000002da      0x1e3 src/spi_tx.o
 .debug_abbrev  0x000004bd       0x12 startup/startup_stm32.o

.debug_aranges  0x00000000      0x188
 .debug_aranges
                0x00000000       0x70 drivers/src/stm32f407xx_gpio_driver.o
 .debug_aranges
                0x00000070       0xc0 drivers/src/stm32f407xx_spi_driver.o
 .debug_aranges
                0x00000130       0x30 src/spi_tx.o
 .debug_aranges
                0x00000160       0x28 startup/startup_stm32.o

.debug_ranges   0x00000000      0x150
 .debug_ranges  0x00000000       0x60 drivers/src/stm32f407xx_gpio_driver.o
 .debug_ranges  0x00000060       0xb0 drivers/src/stm32f407xx_spi_driver.o
 .debug_ranges  0x00000110       0x20 src/spi_tx.o
 .debug_ranges  0x00000130       0x20 startup/startup_stm32.o

.debug_macro    0x00000000     0x1cb5
 .debug_macro   0x00000000       0xa9 drivers/src/stm32f407xx_gpio_driver.o
 .debug_macro   0x000000a9      0xa66 drivers/src/stm32f407xx_gpio_driver.o
 .debug_macro   0x00000b0f       0x22 drivers/src/stm32f407xx_gpio_driver.o
 .debug_macro   0x00000b31       0x8e drivers/src/stm32f407xx_gpio_driver.o
 .debug_macro   0x00000bbf       0x51 drivers/src/stm32f407xx_gpio_driver.o
 .debug_macro   0x00000c10       0xef drivers/src/stm32f407xx_gpio_driver.o
 .debug_macro   0x00000cff       0x6a drivers/src/stm32f407xx_gpio_driver.o
 .debug_macro   0x00000d69      0x1df drivers/src/stm32f407xx_gpio_driver.o
 .debug_macro   0x00000f48      0x646 drivers/src/stm32f407xx_gpio_driver.o
 .debug_macro   0x0000158e       0xc4 drivers/src/stm32f407xx_gpio_driver.o
 .debug_macro   0x00001652       0xac drivers/src/stm32f407xx_gpio_driver.o
 .debug_macro   0x000016fe       0xee drivers/src/stm32f407xx_gpio_driver.o
 .debug_macro   0x000017ec       0xb2 drivers/src/stm32f407xx_spi_driver.o
 .debug_macro   0x0000189e      0x174 drivers/src/stm32f407xx_spi_driver.o
 .debug_macro   0x00001a12      0x160 src/spi_tx.o
 .debug_macro   0x00001b72       0x58 src/spi_tx.o
 .debug_macro   0x00001bca       0x94 src/spi_tx.o
 .debug_macro   0x00001c5e       0x57 src/spi_tx.o

.debug_line     0x00000000     0x10a9
 .debug_line    0x00000000      0x5e0 drivers/src/stm32f407xx_gpio_driver.o
 .debug_line    0x000005e0      0x5f4 drivers/src/stm32f407xx_spi_driver.o
 .debug_line    0x00000bd4      0x459 src/spi_tx.o
 .debug_line    0x0000102d       0x7c startup/startup_stm32.o

.debug_str      0x00000000     0x956f
 .debug_str     0x00000000     0x6493 drivers/src/stm32f407xx_gpio_driver.o
                               0x663e (size before relaxing)
 .debug_str     0x00006493      0x521 drivers/src/stm32f407xx_spi_driver.o
                               0x69f9 (size before relaxing)
 .debug_str     0x000069b4     0x2b92 src/spi_tx.o
                               0x9358 (size before relaxing)
 .debug_str     0x00009546       0x29 startup/startup_stm32.o
                                 0x52 (size before relaxing)

.comment        0x00000000       0x7f
 .comment       0x00000000       0x7f drivers/src/stm32f407xx_gpio_driver.o
                                 0x80 (size before relaxing)
 .comment       0x0000007f       0x80 drivers/src/stm32f407xx_spi_driver.o
 .comment       0x0000007f       0x80 src/spi_tx.o

.debug_frame    0x00000000      0x73c
 .debug_frame   0x00000000      0x1c8 drivers/src/stm32f407xx_gpio_driver.o
 .debug_frame   0x000001c8      0x33c drivers/src/stm32f407xx_spi_driver.o
 .debug_frame   0x00000504       0x78 src/spi_tx.o
 .debug_frame   0x0000057c       0x2c c:/ac6/systemworkbench/plugins/fr.ac6.mcu.externaltools.arm-none.win32_1.17.0.201812190825/tools/compiler/bin/../lib/gcc/arm-none-eabi/7.3.1/../../../../arm-none-eabi/lib/thumb/v7e-m/fpv4-sp/hard\libc.a(lib_a-init.o)
 .debug_frame   0x000005a8       0x5c c:/ac6/systemworkbench/plugins/fr.ac6.mcu.externaltools.arm-none.win32_1.17.0.201812190825/tools/compiler/bin/../lib/gcc/arm-none-eabi/7.3.1/../../../../arm-none-eabi/lib/thumb/v7e-m/fpv4-sp/hard\libc.a(lib_a-__call_atexit.o)
 .debug_frame   0x00000604       0x20 c:/ac6/systemworkbench/plugins/fr.ac6.mcu.externaltools.arm-none.win32_1.17.0.201812190825/tools/compiler/bin/../lib/gcc/arm-none-eabi/7.3.1/../../../../arm-none-eabi/lib/thumb/v7e-m/fpv4-sp/hard\libc.a(lib_a-atexit.o)
 .debug_frame   0x00000624       0x34 c:/ac6/systemworkbench/plugins/fr.ac6.mcu.externaltools.arm-none.win32_1.17.0.201812190825/tools/compiler/bin/../lib/gcc/arm-none-eabi/7.3.1/../../../../arm-none-eabi/lib/thumb/v7e-m/fpv4-sp/hard\libc.a(lib_a-fini.o)
 .debug_frame   0x00000658       0xb0 c:/ac6/systemworkbench/plugins/fr.ac6.mcu.externaltools.arm-none.win32_1.17.0.201812190825/tools/compiler/bin/../lib/gcc/arm-none-eabi/7.3.1/../../../../arm-none-eabi/lib/thumb/v7e-m/fpv4-sp/hard\libc.a(lib_a-lock.o)
 .debug_frame   0x00000708       0x34 c:/ac6/systemworkbench/plugins/fr.ac6.mcu.externaltools.arm-none.win32_1.17.0.201812190825/tools/compiler/bin/../lib/gcc/arm-none-eabi/7.3.1/../../../../arm-none-eabi/lib/thumb/v7e-m/fpv4-sp/hard\libc.a(lib_a-__atexit.o)
